================================================================
[2026-10-02T10:25:41.264401] build timing | source=nvidia_demo.txt | chunks=1
  ExtractionAgent(实体/关系)        33.62s   55.4%
  UnderstandingAgent(语义理解)      27.03s   44.5%
  EmbeddingClient(向量)            0.05s    0.1%
  GraphWriterAgent(写入)           0.00s    0.0%
  ValidatorAgent(校验)             0.00s    0.0%
  DataAgent(分块)                  0.00s    0.0%
  SchemaAgent(Schema)            0.00s    0.0%
  AGENT_WORK_TOTAL              60.71s
  WALL_TOTAL                    60.72s
  schema: {"node_types": ["Company", "Person", "Product", "Technology"], "relation_types": ["CAUSES", "COLLABORATES_WITH", "FOUNDED", "LEADS", "PART_OF", "USES"], "event_types": ["事件类型"], "entity_count": 19, "relation_count": 36, "event_count": 57, "type_aliases": {"NVIDIA": ["公司", "半导体公司"]}}
  stats : {"backend": "NetworkXStore", "node_count": 37, "edge_count": 57, "node_types": ["Company", "Event", "Person", "Product", "Technology"], "relation_types": ["CAUSES", "COLLABORATES_WITH", "EVENT_OBJECT", "EVENT_SUBJECT", "FOUNDED", "LEADS", "PART_OF", "USES"]}

================================================================
[2026-10-02T10:27:06.515555] build timing | source=demo | chunks=1
  ExtractionAgent(实体/关系)        34.28s   55.4%
  UnderstandingAgent(语义理解)      27.57s   44.5%
  EmbeddingClient(向量)            0.03s    0.1%
  ValidatorAgent(校验)             0.00s    0.0%
  GraphWriterAgent(写入)           0.00s    0.0%
  DataAgent(分块)                  0.00s    0.0%
  SchemaAgent(Schema)            0.00s    0.0%
  AGENT_WORK_TOTAL              61.89s
  WALL_TOTAL                    61.89s
  schema: {"node_types": ["Company", "Person", "Product", "Technology"], "relation_types": ["CAUSES", "COLLABORATES_WITH", "FOUNDED", "LEADS", "PART_OF", "USES"], "event_types": ["事件类型"], "entity_count": 19, "relation_count": 36, "event_count": 57, "type_aliases": {"NVIDIA": ["公司", "半导体公司"]}}
  stats : {"backend": "NetworkXStore", "node_count": 37, "edge_count": 57, "node_types": ["Company", "Event", "Person", "Product", "Technology"], "relation_types": ["CAUSES", "COLLABORATES_WITH", "EVENT_OBJECT", "EVENT_SUBJECT", "FOUNDED", "LEADS", "PART_OF", "USES"]}

================================================================
[2026-10-02T10:27:14.731694] build timing | source=t | chunks=5
  EmbeddingClient(向量)            0.00s   33.8%
  ExtractionAgent(实体/关系)         0.00s   25.1%
  DataAgent(分块)                  0.00s   16.3%
  ValidatorAgent(校验)             0.00s   10.3%
  GraphWriterAgent(写入)           0.00s    8.0%
  UnderstandingAgent(语义理解)       0.00s    5.5%
  SchemaAgent(Schema)            0.00s    1.0%
  AGENT_WORK_TOTAL               0.00s
  WALL_TOTAL                     0.01s
  schema: {"node_types": ["Company", "Person", "Product"], "relation_types": ["PRODUCES"], "event_types": ["RELEASE"], "entity_count": 3, "relation_count": 1, "event_count": 5, "type_aliases": {"nvidia": ["NVIDIA"]}}
  stats : {"backend": "NetworkXStore", "node_count": 4, "edge_count": 2, "node_types": ["Company", "Event", "Person", "Product"], "relation_types": ["EVENT_SUBJECT", "PRODUCES"]}

================================================================
[2026-10-02T10:27:14.742674] build timing | source=t | chunks=5
  EmbeddingClient(向量)            0.00s   31.0%
  ExtractionAgent(实体/关系)         0.00s   29.8%
  DataAgent(分块)                  0.00s   12.7%
  ValidatorAgent(校验)             0.00s   10.7%
  UnderstandingAgent(语义理解)       0.00s    7.4%
  GraphWriterAgent(写入)           0.00s    7.3%
  SchemaAgent(Schema)            0.00s    1.0%
  AGENT_WORK_TOTAL               0.00s
  WALL_TOTAL                     0.01s
  schema: {"node_types": ["Company", "Person", "Product"], "relation_types": ["PRODUCES"], "event_types": ["RELEASE"], "entity_count": 3, "relation_count": 1, "event_count": 5, "type_aliases": {"nvidia": ["NVIDIA"]}}
  stats : {"backend": "NetworkXStore", "node_count": 4, "edge_count": 2, "node_types": ["Company", "Event", "Person", "Product"], "relation_types": ["EVENT_SUBJECT", "PRODUCES"]}

================================================================
[2026-10-02T10:34:39.090570] build timing | source=揭秘与人相处的24条黄金法则.txt | chunks=2
  ExtractionAgent(实体/关系)       304.01s   86.7%
  UnderstandingAgent(语义理解)      46.45s   13.2%
  EmbeddingClient(向量)            0.11s    0.0%
  ValidatorAgent(校验)             0.00s    0.0%
  GraphWriterAgent(写入)           0.00s    0.0%
  DataAgent(分块)                  0.00s    0.0%
  SchemaAgent(Schema)            0.00s    0.0%
  AGENT_WORK_TOTAL             350.58s
  WALL_TOTAL                   175.43s
  schema: {"node_types": ["Concept"], "relation_types": ["PART_OF", "RELATED_TO", "USES"], "event_types": ["事件类型"], "entity_count": 11, "relation_count": 12, "event_count": 2, "type_aliases": {"24条黄金法则": ["24 Golden Rules"], "鼓励": ["encourage"], "尊重": ["respect"], "倾听": ["listen"], "宽容": ["tolerance"], "道歉": ["apologize"], "谦虚": ["humility"]}}
  stats : {"backend": "NetworkXStore", "node_count": 50, "edge_count": 73, "node_types": ["Company", "Concept", "Event", "Person", "Product", "Technology"], "relation_types": ["CAUSES", "COLLABORATES_WITH", "EVENT_OBJECT", "EVENT_SUBJECT", "FOUNDED", "LEADS", "PART_OF", "RELATED_TO", "USES"]}

================================================================
[2026-10-02T11:00:12.651804] build timing | source=nvidia_demo.txt | chunks=1
  MergedExtraction(实体/关系/事件)    67.36s   99.9%
  EmbeddingClient(向量)            0.03s    0.0%
  DataAgent(分块)                  0.00s    0.0%
  GraphWriterAgent(写入)           0.00s    0.0%
  ValidatorAgent(校验)             0.00s    0.0%
  SchemaAgent(Schema)            0.00s    0.0%
  AGENT_WORK_TOTAL              67.40s
  WALL_TOTAL                    67.40s
  schema: {"node_types": ["Company", "Person"], "relation_types": ["PROCESSES_FROM"], "event_types": [], "entity_count": 2, "relation_count": 1, "event_count": 0, "type_aliases": {"NVIDIA": ["半导体公司", "芯片制造商"]}}
  stats : {"backend": "NetworkXStore", "node_count": 2, "edge_count": 1, "node_types": ["Company", "Person"], "relation_types": ["PROCESSES_FROM"]}

================================================================
[2026-10-02T11:15:36.899722] build timing | source=nvidia_demo.txt | chunks=1
  MergedExtraction(实体/关系/事件)    78.47s   99.8%
  EmbeddingClient(向量)            0.18s    0.2%
  ValidatorAgent(校验)             0.00s    0.0%
  DataAgent(分块)                  0.00s    0.0%
  GraphWriterAgent(写入)           0.00s    0.0%
  SchemaAgent(Schema)            0.00s    0.0%
  AGENT_WORK_TOTAL              78.65s
  WALL_TOTAL                    78.70s
  schema: {"node_types": ["Organization", "Person", "Product", "Technology"], "relation_types": ["CAUSES", "COLLABORATES_WITH", "FARED_BY", "PART_OF", "USES"], "event_types": [], "entity_count": 19, "relation_count": 20, "event_count": 0, "type_aliases": {"NVIDIA": ["全球半导体公司", "半导体公司"]}}
  stats : {"backend": "NetworkXStore", "node_count": 19, "edge_count": 20, "node_types": ["Organization", "Person", "Product", "Technology"], "relation_types": ["CAUSES", "COLLABORATES_WITH", "FARED_BY", "PART_OF", "USES"]}

================================================================
[2026-10-02T11:17:19.459009] build timing | source=nvidia_demo.txt | chunks=1
  MergedExtraction(实体/关系/事件)    76.77s   99.9%
  EmbeddingClient(向量)            0.10s    0.1%
  DataAgent(分块)                  0.00s    0.0%
  ValidatorAgent(校验)             0.00s    0.0%
  GraphWriterAgent(写入)           0.00s    0.0%
  SchemaAgent(Schema)            0.00s    0.0%
  AGENT_WORK_TOTAL              76.87s
  WALL_TOTAL                    76.88s
  schema: {"node_types": [], "relation_types": [], "event_types": [], "entity_count": 0, "relation_count": 0, "event_count": 0, "type_aliases": {}}
  stats : {"backend": "NetworkXStore", "node_count": 0, "edge_count": 0, "node_types": [], "relation_types": []}

================================================================
[2026-10-02T11:21:44.376153] build timing | source=nvidia_demo.txt | chunks=1
  MergedExtraction(实体/关系/事件)    72.52s   99.8%
  EmbeddingClient(向量)            0.12s    0.2%
  DataAgent(分块)                  0.00s    0.0%
  ValidatorAgent(校验)             0.00s    0.0%
  GraphWriterAgent(写入)           0.00s    0.0%
  SchemaAgent(Schema)            0.00s    0.0%
  AGENT_WORK_TOTAL              72.64s
  WALL_TOTAL                    72.65s
  schema: {"node_types": ["Company", "Person"], "relation_types": ["CAUSES", "COLLABORATES_WITH", "FOUNDED", "LEADS", "MEMBER_OF"], "event_types": [], "entity_count": 3, "relation_count": 6, "event_count": 0, "type_aliases": {"NVIDIA": ["公司", "半导体公司"]}}
  stats : {"backend": "NetworkXStore", "node_count": 3, "edge_count": 6, "node_types": ["Company", "Person"], "relation_types": ["CAUSES", "COLLABORATES_WITH", "FOUNDED", "LEADS", "MEMBER_OF"]}

================================================================
[2026-10-02T11:27:55.564285] build timing | source=nvidia_demo.txt | chunks=1
  MergedExtraction(实体/关系/事件)    74.33s   99.8%
  EmbeddingClient(向量)            0.13s    0.2%
  DataAgent(分块)                  0.00s    0.0%
  ValidatorAgent(校验)             0.00s    0.0%
  GraphWriterAgent(写入)           0.00s    0.0%
  SchemaAgent(Schema)            0.00s    0.0%
  AGENT_WORK_TOTAL              74.46s
  WALL_TOTAL                    74.46s
  schema: {"node_types": ["Company", "Entity", "Person", "Product", "Technology"], "relation_types": ["CAUSES", "COLLABORATES_WITH", "LEADS", "PART_OF", "USES"], "event_types": [], "entity_count": 16, "relation_count": 19, "event_count": 0, "type_aliases": {"NVIDIA": ["公司", "半导体公司"]}}
  stats : {"backend": "NetworkXStore", "node_count": 16, "edge_count": 19, "node_types": ["Company", "Entity", "Person", "Product", "Technology"], "relation_types": ["CAUSES", "COLLABORATES_WITH", "LEADS", "PART_OF", "USES"]}

================================================================
[2026-10-02T11:30:06.835590] build timing | source=demo | chunks=1
  MergedExtraction(实体/关系/事件)    76.65s   99.8%
  EmbeddingClient(向量)            0.14s    0.2%
  ValidatorAgent(校验)             0.00s    0.0%
  GraphWriterAgent(写入)           0.00s    0.0%
  DataAgent(分块)                  0.00s    0.0%
  SchemaAgent(Schema)            0.00s    0.0%
  AGENT_WORK_TOTAL              76.80s
  WALL_TOTAL                    76.80s
  schema: {"node_types": ["Company", "Person", "Product", "Technology"], "relation_types": ["CAUSES", "COLLABORATES_WITH", "PART_OF", "RELATED_TO", "USES"], "event_types": [], "entity_count": 16, "relation_count": 16, "event_count": 0, "type_aliases": {"NVIDIA": ["公司", "半导体公司"]}}
  stats : {"backend": "NetworkXStore", "node_count": 16, "edge_count": 16, "node_types": ["Company", "Person", "Product", "Technology"], "relation_types": ["CAUSES", "COLLABORATES_WITH", "PART_OF", "RELATED_TO", "USES"]}

================================================================
[2026-10-02T11:30:23.021797] build timing | source=t | chunks=5
  EmbeddingClient(向量)            0.00s   39.2%
  MergedExtraction(实体/关系/事件)     0.00s   22.1%
  GraphWriterAgent(写入)           0.00s   15.7%
  ValidatorAgent(校验)             0.00s   12.7%
  DataAgent(分块)                  0.00s    9.5%
  SchemaAgent(Schema)            0.00s    0.8%
  AGENT_WORK_TOTAL               0.01s
  WALL_TOTAL                     0.02s
  schema: {"node_types": ["Company", "Entity", "Person", "Product"], "relation_types": ["CREATES", "PRODUCES", "RELATED_TO"], "event_types": ["RELEASE"], "entity_count": 6, "relation_count": 3, "event_count": 10, "type_aliases": {"nvidia": ["NVIDIA"]}}
  stats : {"backend": "NetworkXStore", "node_count": 7, "edge_count": 5, "node_types": ["Company", "Entity", "Event", "Person", "Product"], "relation_types": ["CREATES", "EVENT_OBJECT", "EVENT_SUBJECT", "PRODUCES", "RELATED_TO"]}

================================================================
[2026-10-02T11:30:23.039915] build timing | source=t | chunks=5
  MergedExtraction(实体/关系/事件)     0.00s   31.2%
  EmbeddingClient(向量)            0.00s   27.4%
  DataAgent(分块)                  0.00s   20.4%
  ValidatorAgent(校验)             0.00s   11.8%
  GraphWriterAgent(写入)           0.00s    8.2%
  SchemaAgent(Schema)            0.00s    0.9%
  AGENT_WORK_TOTAL               0.01s
  WALL_TOTAL                     0.02s
  schema: {"node_types": ["Company", "Entity", "Person", "Product"], "relation_types": ["CREATES", "PRODUCES", "RELATED_TO"], "event_types": ["RELEASE"], "entity_count": 6, "relation_count": 3, "event_count": 10, "type_aliases": {"nvidia": ["NVIDIA"]}}
  stats : {"backend": "NetworkXStore", "node_count": 7, "edge_count": 5, "node_types": ["Company", "Entity", "Event", "Person", "Product"], "relation_types": ["CREATES", "EVENT_OBJECT", "EVENT_SUBJECT", "PRODUCES", "RELATED_TO"]}

================================================================
[2026-10-02T12:09:48.717159] build timing | source=揭秘与人相处的24条黄金法则.txt | chunks=2
  MergedExtraction(实体/关系/事件)   286.05s   93.8%
  ExtractionCorrection(修正)      14.47s    4.7%
  EmbeddingClient(向量)            4.27s    1.4%
  GraphWriterAgent(写入)           0.12s    0.0%
  SchemaAgent(Schema)            0.01s    0.0%
  ValidatorAgent(校验)             0.01s    0.0%
  DataAgent(分块)                  0.01s    0.0%
  AGENT_WORK_TOTAL             304.93s
  WALL_TOTAL                   156.54s
  schema: {"node_types": ["Concept", "Other"], "relation_types": ["CAUSES", "COLLABORATES_WITH", "RELATED_TO", "USES"], "event_types": [], "entity_count": 10, "relation_count": 18, "event_count": 0, "type_aliases": {"24条黄金法则": ["24 Rules"], "宽容": ["宽恕", "谅解"], "微笑": ["友善", "礼貌"], "24条法则": ["准则", "规则"]}}
  stats : {"backend": "NetworkXStore", "node_count": 26, "edge_count": 37, "node_types": ["Company", "Concept", "Entity", "Other", "Person", "Product", "Technology"], "relation_types": ["CAUSES", "COLLABORATES_WITH", "LEADS", "PART_OF", "RELATED_TO", "USES"]}

================================================================
[2026-10-02T12:24:21.239174] build timing | source=揭秘与人相处的24条黄金法则.txt | chunks=2
  ExtractionAgent(实体/关系)       422.35s   74.6%
  UnderstandingAgent(语义理解)     143.36s   25.3%
  EmbeddingClient(向量)            0.37s    0.1%
  GraphWriterAgent(写入)           0.01s    0.0%
  ValidatorAgent(校验)             0.00s    0.0%
  DataAgent(分块)                  0.00s    0.0%
  SchemaAgent(Schema)            0.00s    0.0%
  AGENT_WORK_TOTAL             566.10s
  WALL_TOTAL                   284.11s
  schema: {"node_types": ["Concept"], "relation_types": ["CAUSES", "COMPARES", "RELATED_TO", "RELATES_TO", "USES"], "event_types": ["事件类型"], "entity_count": 15, "relation_count": 15, "event_count": 131, "type_aliases": {"24条黄金法则": ["24 Rules", "Golden Rules"], "鼓励": ["Encourage"], "批评": ["Critic", "Criticism"], "倾听": ["Audience", "Listen"], "道歉": ["Apology", "Sincere Apology"], "宽容": ["Forgiveness", "Permit
  stats : {"backend": "NetworkXStore", "node_count": 33, "edge_count": 38, "node_types": ["Company", "Concept", "Entity", "Event", "Person", "Product", "Technology"], "relation_types": ["CAUSES", "COLLABORATES_WITH", "COMPARES", "EVENT_OBJECT", "EVENT_SUBJECT", "LEADS", "PART_OF", "RELATED_TO", "RELATES_TO", "USES"]}

================================================================
[2026-10-02T13:14:09.495405] build timing | source=揭秘与人相处的24条黄金法则.txt | chunks=2
  MergedExtraction(实体/关系/事件)   286.06s   96.2%
  EmbeddingClient(向量)           11.31s    3.8%
  SchemaAgent(Schema)            0.00s    0.0%
  DataAgent(分块)                  0.00s    0.0%
  ValidatorAgent(校验)             0.00s    0.0%
  GraphWriterAgent(写入)           0.00s    0.0%
  AGENT_WORK_TOTAL             297.38s
  WALL_TOTAL                   154.41s
  schema: {"node_types": ["Concept", "Entity"], "relation_types": ["CAUSES", "MENTIONS", "USES"], "event_types": [], "entity_count": 9, "relation_count": 19, "event_count": 0, "type_aliases": {}}
  stats : {"backend": "NetworkXStore", "node_count": 26, "edge_count": 38, "node_types": ["Company", "Concept", "Entity", "Person", "Product", "Technology"], "relation_types": ["CAUSES", "COLLABORATES_WITH", "LEADS", "MENTIONS", "PART_OF", "USES"]}

================================================================
[2026-10-02T13:31:31.947244] build timing | source=揭秘与人相处的24条黄金法则.txt | chunks=2
  MergedExtraction(实体/关系/事件)   108.19s   99.2%
  EmbeddingClient(向量)            0.87s    0.8%
  GraphWriterAgent(写入)           0.00s    0.0%
  DataAgent(分块)                  0.00s    0.0%
  ValidatorAgent(校验)             0.00s    0.0%
  SchemaAgent(Schema)            0.00s    0.0%
  AGENT_WORK_TOTAL             109.06s
  WALL_TOTAL                    71.85s
  schema: {"node_types": ["Concept", "Date", "Entity", "Product"], "relation_types": ["CAUSES", "MENTIONS", "RELATED_TO", "WORKS_FOR"], "event_types": ["从对方角度看待", "保持微笑", "保持镇静", "宽恕别人", "对别人感兴趣", "称呼对方全名"], "entity_count": 18, "relation_count": 8, "event_count": 6, "type_aliases": {}}
  stats : {"backend": "NetworkXStore", "node_count": 41, "edge_count": 39, "node_types": ["Company", "Concept", "Date", "Entity", "Event", "Person", "Product", "Technology"], "relation_types": ["CAUSES", "COLLABORATES_WITH", "EVENT_OBJECT", "EVENT_SUBJECT", "LEADS", "MENTIONS", "PART_OF", "RELATED_TO", "USES", "WORKS_FOR"]}

